<html>
<body>
<pre>
<h1>µVision Build Log</h1>
<h2>Project:</h2>
C:\Users\kinan\Documents\7.0 Courses 2016 Fall\EE 445L\Lab4c\CC3100GetWeather_4C123\getWeather.uvproj
Project File Date:  09/22/2016

<h2>Output:</h2>
Build target 'getWeather'
compiling main.c...
ADC.h(6): warning:  #1-D: last line of file ends without a newline
  int32_t getADC(void);
main.c(295): warning:  #111-D: statement is unreachable
        strcpy(HostName,"embedded-systems-server.appspot.com");
main.c: 2 warnings, 0 errors
linking...
Program Size: Code=13936 RO-data=1824 RW-data=60 ZI-data=19508  
After Build - User command #1: fromelf --bin --output .\rvmdk\cc31000_starter.bin .\rvmdk\cc31000_starter.axf
".\rvmdk\getWeather.axf" - 0 Error(s), 2 Warning(s).
Load "C:\\Users\\kinan\\Documents\\7.0 Courses 2016 Fall\\EE 445L\\Lab4c\\CC3100GetWeather_4C123\\rvmdk\\getWeather.axf" 
Connecting: Mode=JTAG, Speed=1000000Hz
Erase Done.
Programming Done.
Verify OK.
35.c...
linking...
Program Size: Code=14132 RO-data=1824 RW-data=60 ZI-data=19508  
After Build - User command #1: fromelf --bin --output .\rvmdk\cc31000_starter.bin .\rvmdk\cc31000_starter.axf
".\rvmdk\getWeather.axf" - 0 Error(s), 2 Warning(s).
urses 2016 Fall\\EE 445L\\Lab4c\\CC3100GetWeather_4C123\\rvmdk\\getWeather.axf" 
Connecting: Mode=JTAG, Speed=1000000Hz
Erase Done.
Programming Done.
Verify OK.
